[pont WhatsApp] API locale sur http://127.0.0.1:3001
[pont WhatsApp] Connecté à WhatsApp.
[pont WhatsApp] Évènement messages.upsert : type=notify, nombre=1
[pont WhatsApp] Message entrant relayé au backend : 33764360601@s.whatsapp.net
[pont WhatsApp] Évènement messages.upsert : type=notify, nombre=1
[pont WhatsApp] Message sortant sans image ignoré : conversation
[pont WhatsApp] Évènement messages.upsert : type=notify, nombre=1
[pont WhatsApp] Message sortant sans image ignoré : conversation
[pont WhatsApp] Évènement messages.upsert : type=notify, nombre=1
[pont WhatsApp] Message entrant relayé au backend : 33764360601@s.whatsapp.net
[pont WhatsApp] API locale sur http://127.0.0.1:3001
[pont WhatsApp] Connecté à WhatsApp.
[pont WhatsApp] Évènement messages.upsert : type=notify, nombre=1
[pont WhatsApp] Message entrant relayé au backend : 33764360601@s.whatsapp.net
[pont WhatsApp] Évènement messages.upsert : type=notify, nombre=1
[pont WhatsApp] Message entrant relayé au backend : 33764360601@s.whatsapp.net
[pont WhatsApp] Évènement messages.upsert : type=notify, nombre=1
[pont WhatsApp] Message entrant relayé au backend : 33764360601@s.whatsapp.net
[pont WhatsApp] Évènement messages.upsert : type=notify, nombre=1
[pont WhatsApp] Message entrant relayé au backend : 33764360601@s.whatsapp.net
[pont WhatsApp] Évènement messages.upsert : type=notify, nombre=1
[pont WhatsApp] Message entrant relayé au backend : 33764360601@s.whatsapp.net
[pont WhatsApp] Évènement messages.upsert : type=notify, nombre=1
[pont WhatsApp] Message entrant relayé au backend : 33764360601@s.whatsapp.net
[pont WhatsApp] Évènement messages.upsert : type=notify, nombre=1
[pont WhatsApp] Message entrant relayé au backend : 33764360601@s.whatsapp.net
[pont WhatsApp] Connexion fermée (code 428), reconnexion...
[pont WhatsApp] Connexion fermée (code 408), reconnexion...
[pont WhatsApp] Connecté à WhatsApp.
[pont WhatsApp] Connexion fermée (code 428), reconnexion...
[pont WhatsApp] Connecté à WhatsApp.
[pont WhatsApp] API locale sur http://127.0.0.1:3001
[pont WhatsApp] Connecté à WhatsApp.
[pont WhatsApp] Association LID mémorisée pour 33764360601@s.whatsapp.net
Closing session: SessionEntry {
  _chains: {
    'BXNW9/lV6pOsZw+B6ZKRo3uVJKbJ9LGahRIxia9M5SUZ': { chainKey: [Object], chainType: 1, messageKeys: {} }
  },
  registrationId: 1211,
  currentRatchet: {
    ephemeralKeyPair: {
      pubKey: <Buffer 05 73 56 f7 f9 55 ea 93 ac 67 0f 81 e9 92 91 a3 7b 95 24 a6 c9 f4 b1 9a 85 12 31 89 af 4c e5 25 19>,
      privKey: <Buffer 00 60 ca 8c 95 17 58 6a d9 29 b6 77 17 9f 0f af f1 03 b7 f2 85 97 79 cb 63 c2 22 3a 34 0f dd 6d>
    },
    lastRemoteEphemeralKey: <Buffer 05 d3 a5 9f f6 c7 1a 1e 25 a6 4c a0 04 cd 6f 25 a9 4c ec ad 3e 0a 32 00 74 0e eb bb aa 2d 13 ce 73>,
    previousCounter: 0,
    rootKey: <Buffer 25 d1 fc cc b8 aa d4 79 40 ba ef cc 50 83 8f 50 c6 21 f2 d9 06 c6 ba 20 f4 32 27 69 97 90 e1 cb>
  },
  indexInfo: {
    baseKey: <Buffer 05 6b 56 7b 7e 55 2a 2e f6 79 92 67 26 ba 54 66 86 a2 b4 3b 97 5b 0f 49 cd c0 d0 af 5f a7 42 ea 2b>,
    baseKeyType: 1,
    closed: -1,
    used: 1789220025785,
    created: 1789220025785,
    remoteIdentityKey: <Buffer 05 6e 09 2b 27 ee 72 6a b6 f5 d1 c7 56 47 b2 cb 79 39 ba d9 1d 64 0b 99 8e 5a 8d a5 68 d3 8e 91 37>
  },
  pendingPreKey: {
    signedKeyId: 4,
    baseKey: <Buffer 05 6b 56 7b 7e 55 2a 2e f6 79 92 67 26 ba 54 66 86 a2 b4 3b 97 5b 0f 49 cd c0 d0 af 5f a7 42 ea 2b>,
    preKeyId: 1637
  }
}
[pont WhatsApp] Évènement messages.upsert : type=append, nombre=1
[pont WhatsApp] Message envoyé par ARIA déjà enregistré par le backend
Closing session: SessionEntry {
  _chains: {
    'BR/EazK32fnqi93aSdRHdZjFM0qjgvePONIG6AqD8PkV': { chainKey: [Object], chainType: 2, messageKeys: {} },
    BXGiIPZxEeziAG93h7ropxyDiZxVqDteVDUvF508c0Bu: { chainKey: [Object], chainType: 1, messageKeys: {} }
  },
  registrationId: 463299228,
  currentRatchet: {
    ephemeralKeyPair: {
      pubKey: <Buffer 05 71 a2 20 f6 71 11 ec e2 00 6f 77 87 ba e8 a7 1c 83 89 9c 55 a8 3b 5e 54 35 2f 17 9d 3c 73 40 6e>,
      privKey: <Buffer 00 e1 c4 f0 11 79 de 39 63 50 01 48 2a c7 6a ea a6 a3 f4 dc 0d 70 0d aa 37 ea 21 48 f5 23 a8 6c>
    },
    lastRemoteEphemeralKey: <Buffer 05 1f c4 6b 32 b7 d9 f9 ea 8b dd da 49 d4 47 75 98 c5 33 4a a3 82 f7 8f 38 d2 06 e8 0a 83 f0 f9 15>,
    previousCounter: 0,
    rootKey: <Buffer 8a 24 88 5d 67 da f0 02 3e b3 29 d2 e6 44 ef 1f aa fb fc 71 e0 10 41 18 d1 a6 fa cd 4f 6b db 66>
  },
  indexInfo: {
    baseKey: <Buffer 05 38 75 af 75 8c 5e a1 60 75 6a 8e 21 5c e8 d6 17 98 96 0c e9 13 4b e1 be 4c be ae 91 5a 4d 3f 3b>,
    baseKeyType: 2,
    closed: -1,
    used: 1789222550880,
    created: 1789222550880,
    remoteIdentityKey: <Buffer 05 98 2e 8b b1 20 a4 93 63 24 1a 6a f6 ab 86 73 5c 25 f3 10 45 3f 3b 6e 81 2c 52 0b cc 1d 83 7c 64>
  }
}
Closing session: SessionEntry {
  _chains: {
    'BZLjNzNE4t+VnEBxam1AyxEgtyQWUDFfli6sR40wZJlz': { chainKey: [Object], chainType: 1, messageKeys: {} }
  },
  registrationId: 1630997826,
  currentRatchet: {
    ephemeralKeyPair: {
      pubKey: <Buffer 05 92 e3 37 33 44 e2 df 95 9c 40 71 6a 6d 40 cb 11 20 b7 24 16 50 31 5f 96 2e ac 47 8d 30 64 99 73>,
      privKey: <Buffer 30 f4 b5 d0 07 9e d5 5c ea 31 ff 2c 8e 27 f7 6d 20 d0 c7 88 6d 69 3e ed cd 85 20 68 74 86 47 76>
    },
    lastRemoteEphemeralKey: <Buffer 05 57 f8 dd 03 f0 67 8a 53 65 70 96 13 c5 76 56 22 bd 69 69 a3 e7 02 ff f5 b0 b8 ae 01 d3 b9 55 7e>,
    previousCounter: 0,
    rootKey: <Buffer 27 f0 7a e7 8d 5f d6 c3 4c 08 b8 49 ba 31 60 e6 24 a1 d5 c7 4b 61 2d c5 a5 b9 58 a9 8a ae 65 3e>
  },
  indexInfo: {
    baseKey: <Buffer 05 b4 3e c4 35 d6 00 53 b9 97 11 a8 54 cd 6b f2 6e 9b 3f 09 25 a8 33 c5 8c c8 83 39 a1 79 7c be 1e>,
    baseKeyType: 1,
    closed: -1,
    used: 1789220132237,
    created: 1789220132237,
    remoteIdentityKey: <Buffer 05 ef a1 81 c7 5c 70 ff 0c b2 db d2 c7 39 c2 d5 bb 66 a7 cb 03 20 a0 db 60 ea d0 ed 55 cb f4 be 45>
  },
  pendingPreKey: {
    signedKeyId: 11312316,
    baseKey: <Buffer 05 b4 3e c4 35 d6 00 53 b9 97 11 a8 54 cd 6b f2 6e 9b 3f 09 25 a8 33 c5 8c c8 83 39 a1 79 7c be 1e>,
    preKeyId: 5267
  }
}
[pont WhatsApp] API locale sur http://127.0.0.1:3001
[pont WhatsApp] Connecté à WhatsApp.
[pont WhatsApp] Association LID mémorisée pour 33764360601@s.whatsapp.net
Closing session: SessionEntry {
  _chains: {
    BdVdJibivP1lnk1XIawpEm0TqSceBngWOm0ZLGOD9Zsn: { chainKey: [Object], chainType: 1, messageKeys: {} }
  },
  registrationId: 1630997826,
  currentRatchet: {
    ephemeralKeyPair: {
      pubKey: <Buffer 05 d5 5d 26 26 e2 bc fd 65 9e 4d 57 21 ac 29 12 6d 13 a9 27 1e 06 78 16 3a 6d 19 2c 63 83 f5 9b 27>,
      privKey: <Buffer d8 6f e9 85 a4 be e9 2c 3c 24 0f 20 cd 92 19 fb e3 b2 14 92 3e 6d d3 6f 2d c5 4f 1d 39 be a1 50>
    },
    lastRemoteEphemeralKey: <Buffer 05 57 f8 dd 03 f0 67 8a 53 65 70 96 13 c5 76 56 22 bd 69 69 a3 e7 02 ff f5 b0 b8 ae 01 d3 b9 55 7e>,
    previousCounter: 0,
    rootKey: <Buffer d5 f0 b5 ff 28 f1 96 42 d0 fc cf bf 17 02 91 c7 7f 8b cb fc d3 01 b8 32 b5 5e b1 f3 2d de cc ce>
  },
  indexInfo: {
    baseKey: <Buffer 05 ae 03 70 b0 c5 23 82 f7 99 a9 b6 98 b6 02 7b 60 b1 39 b3 58 2a 2f e3 e0 cd 79 4d b2 21 2a 0c 2a>,
    baseKeyType: 1,
    closed: -1,
    used: 1789236677701,
    created: 1789236677701,
    remoteIdentityKey: <Buffer 05 ef a1 81 c7 5c 70 ff 0c b2 db d2 c7 39 c2 d5 bb 66 a7 cb 03 20 a0 db 60 ea d0 ed 55 cb f4 be 45>
  },
  pendingPreKey: {
    signedKeyId: 11312316,
    baseKey: <Buffer 05 ae 03 70 b0 c5 23 82 f7 99 a9 b6 98 b6 02 7b 60 b1 39 b3 58 2a 2f e3 e0 cd 79 4d b2 21 2a 0c 2a>,
    preKeyId: 5241
  }
}
[pont WhatsApp] Évènement messages.upsert : type=append, nombre=1
[pont WhatsApp] Message envoyé par ARIA déjà enregistré par le backend
[pont WhatsApp] API locale sur http://127.0.0.1:3001
Closing session: SessionEntry {
  _chains: {
    'BdMVrJzfXcOLI00ldCrypXKl9QCVxjU+bmac02YDdHQZ': { chainKey: [Object], chainType: 1, messageKeys: {} }
  },
  registrationId: 1211,
  currentRatchet: {
    ephemeralKeyPair: {
      pubKey: <Buffer 05 d3 15 ac 9c df 5d c3 8b 23 4d 25 74 2a f2 a5 72 a5 f5 00 95 c6 35 3e 6e 66 9c d3 66 03 74 74 19>,
      privKey: <Buffer 98 de 99 a4 f5 f2 a0 66 68 a0 4a 75 d3 bd 3d ac de 3c 71 ac 8e 8c 9d 93 8b b1 53 c8 b7 ed 78 60>
    },
    lastRemoteEphemeralKey: <Buffer 05 d3 a5 9f f6 c7 1a 1e 25 a6 4c a0 04 cd 6f 25 a9 4c ec ad 3e 0a 32 00 74 0e eb bb aa 2d 13 ce 73>,
    previousCounter: 0,
    rootKey: <Buffer 51 8d c6 27 1d c8 2e 29 ec 21 76 48 1e 11 e6 d1 1b 71 0f e6 6e 19 3a 86 5f 52 c5 e8 4a 3a 61 40>
  },
  indexInfo: {
    baseKey: <Buffer 05 b7 96 3d 54 ba 35 d9 44 eb 82 7f 2e 5c b2 c7 ef 6a 33 df ee 05 68 5d 3e 1f 08 d6 a8 c9 2b 6b 3f>,
    baseKeyType: 1,
    closed: -1,
    used: 1789236675410,
    created: 1789236675410,
    remoteIdentityKey: <Buffer 05 6e 09 2b 27 ee 72 6a b6 f5 d1 c7 56 47 b2 cb 79 39 ba d9 1d 64 0b 99 8e 5a 8d a5 68 d3 8e 91 37>
  },
  pendingPreKey: {
    signedKeyId: 4,
    baseKey: <Buffer 05 b7 96 3d 54 ba 35 d9 44 eb 82 7f 2e 5c b2 c7 ef 6a 33 df ee 05 68 5d 3e 1f 08 d6 a8 c9 2b 6b 3f>,
    preKeyId: 1639
  }
}
[pont WhatsApp] Connecté à WhatsApp.
Closing session: SessionEntry {
  _chains: {
    'BbrFfQHLwbrMuPm6S5dUTSMD5/06qLSHW+9leUeWDqpT': { chainKey: [Object], chainType: 1, messageKeys: {} }
  },
  registrationId: 463299228,
  currentRatchet: {
    ephemeralKeyPair: {
      pubKey: <Buffer 05 ba c5 7d 01 cb c1 ba cc b8 f9 ba 4b 97 54 4d 23 03 e7 fd 3a a8 b4 87 5b ef 65 79 47 96 0e aa 53>,
      privKey: <Buffer 48 1f 8f c0 84 16 67 d2 1d bf 7a b8 16 e2 de 0f 3c 80 e5 1c 0d 2a 7f 97 14 42 bc 21 09 b2 d0 57>
    },
    lastRemoteEphemeralKey: <Buffer 05 ca 38 04 01 53 e3 b8 ee 9f a1 41 37 eb 5a aa 1e ef 55 aa 5c d3 1d 18 04 02 de fd 00 7e f8 ed 34>,
    previousCounter: 0,
    rootKey: <Buffer fa 0a e2 21 d3 30 17 3c 30 6e c1 0e 8e d4 d3 ac 52 3f 03 35 72 7f ef ec 91 bf 97 26 7c 72 40 a6>
  },
  indexInfo: {
    baseKey: <Buffer 05 ce 2d 70 2e 27 07 4d 99 a2 89 3c 95 cf ff a9 de 81 b4 74 a5 8d dd 51 de dd 3e a3 e5 3b a8 62 4f>,
    baseKeyType: 1,
    closed: -1,
    used: 1789236676691,
    created: 1789236676691,
    remoteIdentityKey: <Buffer 05 98 2e 8b b1 20 a4 93 63 24 1a 6a f6 ab 86 73 5c 25 f3 10 45 3f 3b 6e 81 2c 52 0b cc 1d 83 7c 64>
  },
  pendingPreKey: {
    signedKeyId: 2772278,
    baseKey: <Buffer 05 ce 2d 70 2e 27 07 4d 99 a2 89 3c 95 cf ff a9 de 81 b4 74 a5 8d dd 51 de dd 3e a3 e5 3b a8 62 4f>,
    preKeyId: 8841722
  }
}
[pont WhatsApp] Association LID mémorisée pour 33764360601@s.whatsapp.net
Closing session: SessionEntry {
  _chains: {
    'BRIrS0oqZillwdxr5PzQQb91HzObcFGfzY2j41z+3iwf': { chainKey: [Object], chainType: 1, messageKeys: {} }
  },
  registrationId: 1211,
  currentRatchet: {
    ephemeralKeyPair: {
      pubKey: <Buffer 05 12 2b 4b 4a 2a 66 29 65 c1 dc 6b e4 fc d0 41 bf 75 1f 33 9b 70 51 9f cd 8d a3 e3 5c fe de 2c 1f>,
      privKey: <Buffer 08 03 44 34 65 68 a7 91 b8 13 62 a0 fe 97 5d 4a 5e 04 27 07 3c 3a 79 4c bc 50 62 b1 63 f9 49 40>
    },
    lastRemoteEphemeralKey: <Buffer 05 d3 a5 9f f6 c7 1a 1e 25 a6 4c a0 04 cd 6f 25 a9 4c ec ad 3e 0a 32 00 74 0e eb bb aa 2d 13 ce 73>,
    previousCounter: 0,
    rootKey: <Buffer a7 f9 1c aa e7 21 ad c0 97 d8 e5 00 7d 53 e0 3f 27 27 84 51 49 2c 41 0c 71 ec 0d d6 cf 32 6b 83>
  },
  indexInfo: {
    baseKey: <Buffer 05 88 80 5d 05 5d 26 3e 64 2a cf eb 1a 7f 10 2f 46 06 1a 26 a6 f2 11 db fa 58 e8 29 ed 52 5e a6 31>,
    baseKeyType: 1,
    closed: -1,
    used: 1789237125885,
    created: 1789237125885,
    remoteIdentityKey: <Buffer 05 6e 09 2b 27 ee 72 6a b6 f5 d1 c7 56 47 b2 cb 79 39 ba d9 1d 64 0b 99 8e 5a 8d a5 68 d3 8e 91 37>
  },
  pendingPreKey: {
    signedKeyId: 4,
    baseKey: <Buffer 05 88 80 5d 05 5d 26 3e 64 2a cf eb 1a 7f 10 2f 46 06 1a 26 a6 f2 11 db fa 58 e8 29 ed 52 5e a6 31>,
    preKeyId: 1630
  }
}
[pont WhatsApp] Évènement messages.upsert : type=append, nombre=1
[pont WhatsApp] Message envoyé par ARIA déjà enregistré par le backend
Closing session: SessionEntry {
  _chains: {
    'BTxl1+t73UxmvgLg04grX280WgTUQGkJ03TaEsCQ8gdp': { chainKey: [Object], chainType: 1, messageKeys: {} }
  },
  registrationId: 463299228,
  currentRatchet: {
    ephemeralKeyPair: {
      pubKey: <Buffer 05 3c 65 d7 eb 7b dd 4c 66 be 02 e0 d3 88 2b 5f 6f 34 5a 04 d4 40 69 09 d3 74 da 12 c0 90 f2 07 69>,
      privKey: <Buffer 40 f9 a1 b6 60 79 a6 9d 86 b4 06 4e 41 74 bf 6d d7 8e 95 ba 17 99 d5 d2 5f eb 0a f0 ef 52 89 63>
    },
    lastRemoteEphemeralKey: <Buffer 05 ca 38 04 01 53 e3 b8 ee 9f a1 41 37 eb 5a aa 1e ef 55 aa 5c d3 1d 18 04 02 de fd 00 7e f8 ed 34>,
    previousCounter: 0,
    rootKey: <Buffer 7e 93 f9 a7 23 16 69 cf 76 27 31 64 11 27 f5 bd 2c e5 10 a9 2f cc 2a ad a1 2f 88 79 5a 18 4a 11>
  },
  indexInfo: {
    baseKey: <Buffer 05 2a b2 3e 9f a7 71 b5 39 0d 55 a7 2f 74 49 5e 6e 94 56 02 ca 50 d7 9b f7 61 04 a9 97 60 99 04 49>,
    baseKeyType: 1,
    closed: -1,
    used: 1789237126116,
    created: 1789237126116,
    remoteIdentityKey: <Buffer 05 98 2e 8b b1 20 a4 93 63 24 1a 6a f6 ab 86 73 5c 25 f3 10 45 3f 3b 6e 81 2c 52 0b cc 1d 83 7c 64>
  },
  pendingPreKey: {
    signedKeyId: 2772278,
    baseKey: <Buffer 05 2a b2 3e 9f a7 71 b5 39 0d 55 a7 2f 74 49 5e 6e 94 56 02 ca 50 d7 9b f7 61 04 a9 97 60 99 04 49>,
    preKeyId: 8841760
  }
}
Closing session: SessionEntry {
  _chains: {
    'BfTbtwE3ujS+h82X17Mi336t6BQU2VOrB9hOKj6x+Wpi': { chainKey: [Object], chainType: 1, messageKeys: {} }
  },
  registrationId: 1630997826,
  currentRatchet: {
    ephemeralKeyPair: {
      pubKey: <Buffer 05 f4 db b7 01 37 ba 34 be 87 cd 97 d7 b3 22 df 7e ad e8 14 14 d9 53 ab 07 d8 4e 2a 3e b1 f9 6a 62>,
      privKey: <Buffer 90 49 ac c0 66 09 84 72 c2 a5 49 62 00 c1 fc 3f 94 47 5c 52 38 31 d9 af 2c 3b 3d 54 7a 99 79 4b>
    },
    lastRemoteEphemeralKey: <Buffer 05 57 f8 dd 03 f0 67 8a 53 65 70 96 13 c5 76 56 22 bd 69 69 a3 e7 02 ff f5 b0 b8 ae 01 d3 b9 55 7e>,
    previousCounter: 0,
    rootKey: <Buffer 30 e2 bd 31 13 65 27 2a a6 c9 a7 b7 e4 aa ef 27 ef 14 23 bc 4d cc b8 25 e5 ac 4a 65 9c 18 e6 ba>
  },
  indexInfo: {
    baseKey: <Buffer 05 31 8c 78 fa 42 25 97 ff bb 4d c3 84 ab 59 fc fd 5f f8 50 2f 63 2b b8 c7 c2 b1 f5 1f 0e 83 c6 53>,
    baseKeyType: 1,
    closed: -1,
    used: 1789237010026,
    created: 1789237010026,
    remoteIdentityKey: <Buffer 05 ef a1 81 c7 5c 70 ff 0c b2 db d2 c7 39 c2 d5 bb 66 a7 cb 03 20 a0 db 60 ea d0 ed 55 cb f4 be 45>
  },
  pendingPreKey: {
    signedKeyId: 11312316,
    baseKey: <Buffer 05 31 8c 78 fa 42 25 97 ff bb 4d c3 84 ab 59 fc fd 5f f8 50 2f 63 2b b8 c7 c2 b1 f5 1f 0e 83 c6 53>,
    preKeyId: 4908
  }
}
[pont WhatsApp] API locale sur http://127.0.0.1:3001
[pont WhatsApp] Connecté à WhatsApp.
[pont WhatsApp] Association LID mémorisée pour 33764360601@s.whatsapp.net
Closing session: SessionEntry {
  _chains: {
    'BYbH/SEt2slurUZUgtBacSAgoaq09RqQo8nL7sboLhhA': { chainKey: [Object], chainType: 1, messageKeys: {} }
  },
  registrationId: 1211,
  currentRatchet: {
    ephemeralKeyPair: {
      pubKey: <Buffer 05 86 c7 fd 21 2d da c9 6e ad 46 54 82 d0 5a 71 20 20 a1 aa b4 f5 1a 90 a3 c9 cb ee c6 e8 2e 18 40>,
      privKey: <Buffer c0 1c d6 2d 05 4a 2e 9a 48 61 33 62 da 23 10 ce bc 1e 21 45 05 b4 a0 64 0b 99 e0 f5 4a 10 37 47>
    },
    lastRemoteEphemeralKey: <Buffer 05 d3 a5 9f f6 c7 1a 1e 25 a6 4c a0 04 cd 6f 25 a9 4c ec ad 3e 0a 32 00 74 0e eb bb aa 2d 13 ce 73>,
    previousCounter: 0,
    rootKey: <Buffer 7a 71 82 5f c2 d7 51 85 2d 83 60 67 7c 96 e4 fd 9d 09 b7 33 ea 0c 30 0d 96 72 80 03 00 27 47 18>
  },
  indexInfo: {
    baseKey: <Buffer 05 00 a5 e2 d1 7e fe c3 5e 4d e8 bd 8f 5f bf 8f 36 fa 9e c4 d0 af 03 b5 98 93 0c 6d 76 ad 5b 0f 18>,
    baseKeyType: 1,
    closed: -1,
    used: 1789237190315,
    created: 1789237190315,
    remoteIdentityKey: <Buffer 05 6e 09 2b 27 ee 72 6a b6 f5 d1 c7 56 47 b2 cb 79 39 ba d9 1d 64 0b 99 8e 5a 8d a5 68 d3 8e 91 37>
  },
  pendingPreKey: {
    signedKeyId: 4,
    baseKey: <Buffer 05 00 a5 e2 d1 7e fe c3 5e 4d e8 bd 8f 5f bf 8f 36 fa 9e c4 d0 af 03 b5 98 93 0c 6d 76 ad 5b 0f 18>,
    preKeyId: 1647
  }
}
[pont WhatsApp] Évènement messages.upsert : type=append, nombre=1
[pont WhatsApp] Message envoyé par ARIA déjà enregistré par le backend
Closing session: SessionEntry {
  _chains: {
    BUcxctr0GBM77pbaAFbUhNqXY8XKtnbersQpHQ9Ov8ph: { chainKey: [Object], chainType: 1, messageKeys: {} }
  },
  registrationId: 463299228,
  currentRatchet: {
    ephemeralKeyPair: {
      pubKey: <Buffer 05 47 31 72 da f4 18 13 3b ee 96 da 00 56 d4 84 da 97 63 c5 ca b6 76 de ae c4 29 1d 0f 4e bf ca 61>,
      privKey: <Buffer 98 95 5c 34 e1 5e a1 c9 81 66 d4 ba f8 3f 43 3b 25 2a b4 14 67 4c a9 9d 9f 6c 10 15 8a 9b 87 42>
    },
    lastRemoteEphemeralKey: <Buffer 05 ca 38 04 01 53 e3 b8 ee 9f a1 41 37 eb 5a aa 1e ef 55 aa 5c d3 1d 18 04 02 de fd 00 7e f8 ed 34>,
    previousCounter: 0,
    rootKey: <Buffer c7 5e f4 79 c0 60 59 9f 96 a3 c1 58 77 cc b2 bc e1 64 96 39 f2 6d 35 b7 1c 41 9a 68 26 c7 ea 39>
  },
  indexInfo: {
    baseKey: <Buffer 05 e9 93 9c c4 a8 f2 9b 24 71 c6 d3 59 ff 3c da 76 ef 9d 9e 1f c0 be 56 58 9e 97 14 94 cd 74 c5 71>,
    baseKeyType: 1,
    closed: -1,
    used: 1789237191448,
    created: 1789237191448,
    remoteIdentityKey: <Buffer 05 98 2e 8b b1 20 a4 93 63 24 1a 6a f6 ab 86 73 5c 25 f3 10 45 3f 3b 6e 81 2c 52 0b cc 1d 83 7c 64>
  },
  pendingPreKey: {
    signedKeyId: 2772278,
    baseKey: <Buffer 05 e9 93 9c c4 a8 f2 9b 24 71 c6 d3 59 ff 3c da 76 ef 9d 9e 1f c0 be 56 58 9e 97 14 94 cd 74 c5 71>,
    preKeyId: 8841737
  }
}
Closing session: SessionEntry {
  _chains: {
    'BQX2/4u3XoSwcCNehSGHjBfrlNaDsV0bVo4uRHICubd0': { chainKey: [Object], chainType: 1, messageKeys: {} }
  },
  registrationId: 1630997826,
  currentRatchet: {
    ephemeralKeyPair: {
      pubKey: <Buffer 05 05 f6 ff 8b b7 5e 84 b0 70 23 5e 85 21 87 8c 17 eb 94 d6 83 b1 5d 1b 56 8e 2e 44 72 02 b9 b7 74>,
      privKey: <Buffer 08 c1 75 a8 98 59 07 41 99 ca ad b0 c3 bb f3 c2 53 1e d1 94 4b 67 55 0c fd c3 c0 17 a3 06 7a 41>
    },
    lastRemoteEphemeralKey: <Buffer 05 57 f8 dd 03 f0 67 8a 53 65 70 96 13 c5 76 56 22 bd 69 69 a3 e7 02 ff f5 b0 b8 ae 01 d3 b9 55 7e>,
    previousCounter: 0,
    rootKey: <Buffer 01 bb f1 31 f4 c0 16 bd b9 c1 82 80 fc 3a 63 e3 09 37 b0 98 07 e7 4e d8 a8 f5 02 a7 e0 b4 5a 36>
  },
  indexInfo: {
    baseKey: <Buffer 05 c2 ec b6 8f 41 a6 2f f0 16 bf 84 6b 3c 61 3a 2a ba 26 a7 3c 39 4e 1d 1f b9 a9 8c f0 e0 2a 47 77>,
    baseKeyType: 1,
    closed: -1,
    used: 1789237192087,
    created: 1789237192087,
    remoteIdentityKey: <Buffer 05 ef a1 81 c7 5c 70 ff 0c b2 db d2 c7 39 c2 d5 bb 66 a7 cb 03 20 a0 db 60 ea d0 ed 55 cb f4 be 45>
  },
  pendingPreKey: {
    signedKeyId: 11312316,
    baseKey: <Buffer 05 c2 ec b6 8f 41 a6 2f f0 16 bf 84 6b 3c 61 3a 2a ba 26 a7 3c 39 4e 1d 1f b9 a9 8c f0 e0 2a 47 77>,
    preKeyId: 4941
  }
}
[pont WhatsApp] Association LID mémorisée pour 33665167626@s.whatsapp.net
Closing session: SessionEntry {
  _chains: {
    'BQfpe8F16CizetqW5cfAh3W5ItLB1RJpFtZ9+WptVEwE': { chainKey: [Object], chainType: 1, messageKeys: {} }
  },
  registrationId: 1211,
  currentRatchet: {
    ephemeralKeyPair: {
      pubKey: <Buffer 05 07 e9 7b c1 75 e8 28 b3 7a da 96 e5 c7 c0 87 75 b9 22 d2 c1 d5 12 69 16 d6 7d f9 6a 6d 54 4c 04>,
      privKey: <Buffer c8 bd b2 89 5d 6a bd 35 c7 f8 4b 13 3e 6a 15 3c f4 79 a9 2a 5d 30 5b 19 42 da 5a 63 a8 fe e7 5b>
    },
    lastRemoteEphemeralKey: <Buffer 05 d3 a5 9f f6 c7 1a 1e 25 a6 4c a0 04 cd 6f 25 a9 4c ec ad 3e 0a 32 00 74 0e eb bb aa 2d 13 ce 73>,
    previousCounter: 0,
    rootKey: <Buffer a6 68 e9 8e 83 51 d6 44 91 c2 02 15 fd 0a 45 61 5d 33 7b 94 60 91 7b 37 6e 02 85 62 9a a0 e5 16>
  },
  indexInfo: {
    baseKey: <Buffer 05 56 21 80 29 48 cf 2a f5 cc ae f8 b7 27 d8 7b bc 8c 60 75 05 6d 61 77 60 6e dc b4 63 85 d1 13 66>,
    baseKeyType: 1,
    closed: -1,
    used: 1789237348042,
    created: 1789237348042,
    remoteIdentityKey: <Buffer 05 6e 09 2b 27 ee 72 6a b6 f5 d1 c7 56 47 b2 cb 79 39 ba d9 1d 64 0b 99 8e 5a 8d a5 68 d3 8e 91 37>
  },
  pendingPreKey: {
    signedKeyId: 4,
    baseKey: <Buffer 05 56 21 80 29 48 cf 2a f5 cc ae f8 b7 27 d8 7b bc 8c 60 75 05 6d 61 77 60 6e dc b4 63 85 d1 13 66>,
    preKeyId: 1969
  }
}
[pont WhatsApp] Évènement messages.upsert : type=append, nombre=1
[pont WhatsApp] Message envoyé par ARIA déjà enregistré par le backend
Closing session: SessionEntry {
  _chains: {
    'BSVsOHIP/RrH3CB4nYhAf7Bp2YG4XXMIjmHsotNPkihA': { chainKey: [Object], chainType: 1, messageKeys: {} }
  },
  registrationId: 463299228,
  currentRatchet: {
    ephemeralKeyPair: {
      pubKey: <Buffer 05 25 6c 38 72 0f fd 1a c7 dc 20 78 9d 88 40 7f b0 69 d9 81 b8 5d 73 08 8e 61 ec a2 d3 4f 92 28 40>,
      privKey: <Buffer 18 05 82 61 cb a0 a8 fe b1 1b 2a f2 75 06 0e 9e b5 8e ab ac 71 92 3b 38 77 52 4a 2e 03 c9 a9 4a>
    },
    lastRemoteEphemeralKey: <Buffer 05 ca 38 04 01 53 e3 b8 ee 9f a1 41 37 eb 5a aa 1e ef 55 aa 5c d3 1d 18 04 02 de fd 00 7e f8 ed 34>,
    previousCounter: 0,
    rootKey: <Buffer 8d f6 34 4f 58 1d c4 87 49 fb 19 29 eb 68 1a cf 33 13 40 a3 94 32 cd f7 0a 3c 20 4a 14 22 26 66>
  },
  indexInfo: {
    baseKey: <Buffer 05 f4 17 6b 26 88 8a e9 ef a5 70 47 84 2a 27 f8 d2 d5 97 7c 75 75 3f 8f 07 53 52 cb 32 30 34 b8 30>,
    baseKeyType: 1,
    closed: -1,
    used: 1789237349023,
    created: 1789237349023,
    remoteIdentityKey: <Buffer 05 98 2e 8b b1 20 a4 93 63 24 1a 6a f6 ab 86 73 5c 25 f3 10 45 3f 3b 6e 81 2c 52 0b cc 1d 83 7c 64>
  },
  pendingPreKey: {
    signedKeyId: 2772278,
    baseKey: <Buffer 05 f4 17 6b 26 88 8a e9 ef a5 70 47 84 2a 27 f8 d2 d5 97 7c 75 75 3f 8f 07 53 52 cb 32 30 34 b8 30>,
    preKeyId: 8841720
  }
}
[pont WhatsApp] API locale sur http://127.0.0.1:3001
[pont WhatsApp] Connecté à WhatsApp.
[pont WhatsApp] API locale sur http://127.0.0.1:3001
[pont WhatsApp] Connecté à WhatsApp.
[pont WhatsApp] Déconnecté (session invalidée côté WhatsApp) — supprime le dossier auth/ et relance pour scanner un nouveau QR code.

[pont WhatsApp] Scanne ce QR code avec le téléphone dédié à ARIA (WhatsApp > Appareils liés > Lier un appareil) :

▄▄▄▄▄▄▄▄▄▄▄▄▄▄▄▄▄▄▄▄▄▄▄▄▄▄▄▄▄▄▄▄▄▄▄▄▄▄▄▄▄▄▄▄▄▄▄▄▄▄▄▄▄▄▄▄▄▄▄
█ ▄▄▄▄▄ █▀▀██▀▄ ▀▀ ▀██ ▀▄  ▀▀█▄▄█▀▄▀▀  ▀ ▀▄▄▄▄▄▄ ██ ▄▄▄▄▄ █
█ █   █ █▀▄▄████▄█▄▀▄█▄█  ▀███▄▀ ███ ▀ ██▄█▀▄▄ ▄ ██ █   █ █
█ █▄▄▄█ █▀ ▀██ ▄▄█▄▀▄ ▄▄▀ █ ▄▄▄ ▄▀█▀▀▀▄▀▄▄▄ ▀▀▀▀▄██ █▄▄▄█ █
█▄▄▄▄▄▄▄█▄█▄█ ▀▄▀▄▀ ▀ ▀▄█ █ █▄█ ▀▄█ ▀▄▀ ▀ █▄█▄█ ▀▄█▄▄▄▄▄▄▄█
█  ▄▄ █▄▄▄▀█ █▄▀█▄▄▄ ▄▄▀      ▄ ▀█▀█▀  █▀▀   ▀█▄   █ █▄▀▄██
█▄██▄▀▄▄█▀▀ ▄ ▄ █▀▀ ▀▀▀ ▄▄ ▄▀▄ ███ █▄ ▄▄  █ █  ▀▄█▀█ ▄▀▀▄▀█
█▀ ██▄▄▄  ▀ █▀▄▄█▄▀ ▀▄▀▄▀▀▄▄█▀▀█ ██▄   █▀▀▀▀ █▄█▄▀ ██▀▀▄███
██▀█▀ ▄▄▄▀█▄▄█▀▄▀ █▀ ▀▄█  ▀█▀██▄ ▀ █ ▄█▄▀█▀█▀  ██ ▀█▀█▀ ▄▀█
█ ▄▀███▄ ▀ █▄ ▄█▀▄  ▄▄▀▀  ▀▄▀   ██ █▀▄███▀ ▀ ███▀▀▀█▀█▄ █▄█
█▀▀▄▄▄ ▄▄ ▄▄ █▀█ ▄ ▄▀▀▀██▀▄██ ██▄▀█▄ ▀▀▄▀▀▀ ▄█▄  █ ▄▄  ▀▄██
█ █  █▄▄█▄ ▄█▀▀█▄▀▄ ▄██▀▀▄  ██   ███ ▄▀▄█▀▀  █▄█▄▀▄█ ██▀▀ █
█▀▀▀ ██▄ █▄▀███ ▄ ▀▀▄███▀█▀ ▀█▄▀▄█▄ ▄▀▄ ▀▀█▀█ ▀█▄▄▄   ▀▀▀██
█▀▀██▀▄▄ █▄█▀▄ ▀▄█ ▄█▄▄▀▄▀███▀▀▀▄ ▄ ▄▄▀▄██  █▀▀▄▀▀▀████   █
███ ▄ ▄▄▄ ▄ ▄█ █▄█▄█ ▀▄██▀  ▄▄▄ ▄▄▄▀▄▄█▀ ▄▄█▀█▀ ▀ ▄▄▄ ▀ ▀▀█
█▄▀▀  █▄█  ▀█▀██▄▄▄▀▀▄▄█▀ ▀ █▄█ ▄▀▀▄   ▄▀█ ▀▄▀▄█▄ █▄█ ▄████
█▀▀ ▀ ▄▄ ▄▄█▀█ ████  ▄▄ ▀█▄ ▄▄▄ ▀▀▄ ██▀▀██ ▄█▄▀▄▄▄  ▄ ▀ ▄██
█▀ ▄█▀▄▄▀▀▀▀▄▄█▀▀▄▀▄▀▄▄▀  ▄█▄▄▀  █▀█▄  ▄▀▀ ▀ ▀█▄█▄█ ▄██▄▀▀█
█ █  ▀▀▄▀▄█ ▄▀▀▀▀█▄ ▀█ ▄ ▀▄ ▄▄▀  █▄ ▄▄▄ ▄ ▄▀  ▄█▀ ▄▀▀▄▀▀█▀█
█  ▀▄▄ ▄▀█▄▀▀██▀▀██▄▀▀▀▀▄ █ ▀█▀█ █ █ ▄▀█▀▀   █ ██▄████▄▄█▀█
█▀▀ ▄██▄▀▀█▄▄▄ █▀█▄ ▀  █▄ ▄▄▀█▄▄▀▄▀▄█▄▄▄▄█▀▀▄▄█▄█▄█▀▄ ▀ ▄▄█
██▀██▀▀▄▄ ▄ ▀▀▀ ▄█  ▄▄██  █▀▀▄█▄▀█▀█▄▄▄▄▀▀▄▀▄▀▄▄██ █▄███▀██
██ █ ▀▄▄█ ▄▀ █▄ ▄▄▀   ▀ ▄▄▀▀ ▄▀▄▀▀█▀▄▄▄  ▀██ ▀▀█▄█▄█▄    ██
█▄▄██▀▄▄█▀▀▀▄█▀ ██▀ ▀█▀▄▀▀█▀▄█▀██▀█▄ ▄▀▄██▄ ▄███▀ ▄▀▄▄ ▄▀██
█ ▀ ▀▀▄▄█▄▀ ██ ▀▄█▀▄▀ ▀▀▀ ▀ █▄▄▄▄▄▄▀▀▀██ ▄▄▀█  ▄▄█▄▀█▀ ▀▄██
███████▄█▀▀▀▀█ ▀██▄ ▀▄██▀▀█ ▄▄▄ ▄▀▄█ ▄█▄█▀▀ ██▀▄▀ ▄▄▄ ▀▀▀▄█
█ ▄▄▄▄▄ █▄▀█▄ █ ▄█▀█▄█▄ █▄▄ █▄█    ▄ ▀█ █▀▀▄███▄  █▄█ ▀  ▀█
█ █   █ █ ▀▀  ▀█▄▀▄▄▄█▀▀▀▄  ▄  ▄▄▀██  ▀▄██  ▄▀▀▄▄  ▄ ▄▀▄███
█ █▄▄▄█ █   ▀▀ █▄   ▄██▀▀█ ▀ █▀█▄█▄▀▀ ▀▄▄ ▄█▀ ▀  ▄▀▄▀█ ▀███
█▄▄▄▄▄▄▄█▄████████▄▄█▄████▄█▄▄█▄▄▄▄▄▄▄▄█▄█▄███▄█▄██▄▄██▄▄██

[pont WhatsApp] Connexion fermée (code 515), reconnexion...
[pont WhatsApp] Connecté à WhatsApp.
[pont WhatsApp] Évènement messages.upsert : type=notify, nombre=1
[pont WhatsApp] Message entrant sans texte exploitable : protocolMessage
[pont WhatsApp] Évènement messages.upsert : type=notify, nombre=1
[pont WhatsApp] Message entrant sans texte exploitable : protocolMessage
[pont WhatsApp] Évènement messages.upsert : type=notify, nombre=1
[pont WhatsApp] Message entrant sans texte exploitable : protocolMessage
[pont WhatsApp] Évènement messages.upsert : type=notify, nombre=1
[pont WhatsApp] Message entrant sans texte exploitable : protocolMessage
[pont WhatsApp] Évènement messages.upsert : type=notify, nombre=1
[pont WhatsApp] Message entrant sans texte exploitable : protocolMessage
[pont WhatsApp] Évènement messages.upsert : type=notify, nombre=1
[pont WhatsApp] Message entrant sans texte exploitable : protocolMessage
[pont WhatsApp] Évènement messages.upsert : type=notify, nombre=1
[pont WhatsApp] Message entrant sans texte exploitable : protocolMessage
[pont WhatsApp] Évènement messages.upsert : type=notify, nombre=1
[pont WhatsApp] Message entrant sans texte exploitable : protocolMessage
[pont WhatsApp] Association LID mémorisée pour 33665167626@s.whatsapp.net
[pont WhatsApp] Évènement messages.upsert : type=append, nombre=1
[pont WhatsApp] Message envoyé par ARIA déjà enregistré par le backend
[pont WhatsApp] Statut du message 3EB0493B61D906ECBADA60 : sent
[pont WhatsApp] Statut du message 3EB0493B61D906ECBADA60 : sent
[pont WhatsApp] Association LID mémorisée pour 33665167626@s.whatsapp.net
[pont WhatsApp] Évènement messages.upsert : type=append, nombre=1
[pont WhatsApp] Message envoyé par ARIA déjà enregistré par le backend
[pont WhatsApp] Statut du message 3EB04AA75979951DAA0624 : sent
[pont WhatsApp] Statut du message 3EB04AA75979951DAA0624 : sent
[pont WhatsApp] Association LID mémorisée pour 33764360601@s.whatsapp.net
[pont WhatsApp] Évènement messages.upsert : type=append, nombre=1
[pont WhatsApp] Message envoyé par ARIA déjà enregistré par le backend
[pont WhatsApp] Statut du message 3EB08087CF68F425C59818 : sent
[pont WhatsApp] Statut du message 3EB08087CF68F425C59818 : sent
[pont WhatsApp] Statut du message 3EB08087CF68F425C59818 : delivered
[pont WhatsApp] Statut du message 3EB08087CF68F425C59818 : read
[pont WhatsApp] Évènement messages.upsert : type=notify, nombre=1
[pont WhatsApp] Statut du message 3A4707E78413BABB5A8C : read
[pont WhatsApp] Évènement messages.upsert : type=notify, nombre=1
[pont WhatsApp] Message entrant sans texte exploitable : protocolMessage
[pont WhatsApp] Évènement messages.upsert : type=notify, nombre=1
[pont WhatsApp] Évènement messages.upsert : type=notify, nombre=1
[pont WhatsApp] Évènement messages.upsert : type=notify, nombre=1
[pont WhatsApp] Message entrant sans texte exploitable : messageContextInfo, reactionMessage
[pont WhatsApp] Évènement messages.upsert : type=notify, nombre=1
[pont WhatsApp] Statut du message 3EB08F3102FF1395380521 : delivered
[pont WhatsApp] Évènement messages.upsert : type=notify, nombre=1
[pont WhatsApp] Évènement messages.upsert : type=notify, nombre=1
[pont WhatsApp] Message entrant sans texte exploitable : protocolMessage
[pont WhatsApp] Évènement messages.upsert : type=notify, nombre=1
[pont WhatsApp] Message entrant relayé au backend : 33764360601@s.whatsapp.net
[pont WhatsApp] Évènement messages.upsert : type=notify, nombre=1
[pont WhatsApp] Statut du message 3EB08F3102FF1395380521 : read
[pont WhatsApp] Évènement messages.upsert : type=notify, nombre=1
[pont WhatsApp] Message entrant relayé au backend : 33764360601@s.whatsapp.net
[pont WhatsApp] Statut du message 3A714EFED1BBAEDD8F25 : read
[pont WhatsApp] Évènement messages.upsert : type=notify, nombre=1
[pont WhatsApp] Message entrant sans texte exploitable : messageContextInfo, reactionMessage
[pont WhatsApp] Évènement messages.upsert : type=notify, nombre=1
[pont WhatsApp] Message entrant relayé au backend : 33764360601@s.whatsapp.net
[pont WhatsApp] Statut du message 3EB0895C5E2DC00DFAD95F : delivered
[pont WhatsApp] Statut du message 3EB0895C5E2DC00DFAD95F : read
[pont WhatsApp] Évènement messages.upsert : type=notify, nombre=1
[pont WhatsApp] Message entrant relayé au backend : 33764360601@s.whatsapp.net
[pont WhatsApp] Connexion fermée (code 428), reconnexion...
[pont WhatsApp] Évènement messages.upsert : type=append, nombre=1
[pont WhatsApp] Statut du message 3A3815068249C9EE3A40 : read
[pont WhatsApp] Évènement messages.upsert : type=append, nombre=1
[pont WhatsApp] Connecté à WhatsApp.
[pont WhatsApp] Évènement messages.upsert : type=notify, nombre=1
[pont WhatsApp] Message entrant sans texte exploitable : protocolMessage
[pont WhatsApp] Évènement messages.upsert : type=notify, nombre=1
[pont WhatsApp] Évènement messages.upsert : type=notify, nombre=1
[pont WhatsApp] Message entrant sans texte exploitable : protocolMessage
[pont WhatsApp] Évènement messages.upsert : type=notify, nombre=1
[pont WhatsApp] Évènement messages.upsert : type=notify, nombre=1
[pont WhatsApp] Message entrant sans texte exploitable : reactionMessage
[pont WhatsApp] Évènement messages.upsert : type=notify, nombre=1
[pont WhatsApp] Message entrant relayé au backend : 33764360601@s.whatsapp.net
Closing open session in favor of incoming prekey bundle
Closing session: SessionEntry {
  _chains: {
    'BWJoyUZHp3OKBxAwAw3SDHOhjGCSdElN/pcurgWjHB8w': { chainKey: [Object], chainType: 2, messageKeys: {} },
    'BV1ffozVYyw4OgI7ungmg3EVehijdN8o4LpNnsGb+mAd': { chainKey: [Object], chainType: 1, messageKeys: {} }
  },
  registrationId: 463299228,
  currentRatchet: {
    ephemeralKeyPair: {
      pubKey: <Buffer 05 5d 5f 7e 8c d5 63 2c 38 3a 02 3b ba 78 26 83 71 15 7a 18 a3 74 df 28 e0 ba 4d 9e c1 9b fa 60 1d>,
      privKey: <Buffer 98 a1 74 f9 c5 ca bf b4 79 51 b0 8c 6b d8 71 9b 37 81 e4 50 b8 fd e8 20 d8 61 ba 25 a5 28 95 5c>
    },
    lastRemoteEphemeralKey: <Buffer 05 62 68 c9 46 47 a7 73 8a 07 10 30 03 0d d2 0c 73 a1 8c 60 92 74 49 4d fe 97 2e ae 05 a3 1c 1f 30>,
    previousCounter: 0,
    rootKey: <Buffer 86 42 81 b4 d0 a2 4a ca 9c b3 9d d8 1c 81 80 b8 60 98 ef eb 59 4f 20 51 56 72 84 a2 24 82 9c 5a>
  },
  indexInfo: {
    baseKey: <Buffer 05 e8 33 d4 8e 0a 8f 54 2d 4f a5 76 6a ae 21 7b 6c 06 d8 53 c1 a3 68 61 f0 72 19 e5 a3 81 ca 4f 25>,
    baseKeyType: 2,
    closed: -1,
    used: 1789239085790,
    created: 1789239085790,
    remoteIdentityKey: <Buffer 05 98 2e 8b b1 20 a4 93 63 24 1a 6a f6 ab 86 73 5c 25 f3 10 45 3f 3b 6e 81 2c 52 0b cc 1d 83 7c 64>
  }
}
[pont WhatsApp] Évènement messages.upsert : type=notify, nombre=1
node:events:497
      throw er; // Unhandled 'error' event
      ^

Error: listen EADDRINUSE: address already in use 127.0.0.1:3001
    at Server.setupListenHandle [as _listen2] (node:net:1940:16)
    at listenInCluster (node:net:1997:12)
    at node:net:2206:7
    at process.processTicksAndRejections (node:internal/process/task_queues:90:21)
Emitted 'error' event on Server instance at:
    at emitErrorNT (node:net:1976:8)
    at process.processTicksAndRejections (node:internal/process/task_queues:90:21) {
  code: 'EADDRINUSE',
  errno: -4091,
  syscall: 'listen',
  address: '127.0.0.1',
  port: 3001
}

Node.js v22.20.0
node:events:497
      throw er; // Unhandled 'error' event
      ^

Error: listen EADDRINUSE: address already in use 127.0.0.1:3001
    at Server.setupListenHandle [as _listen2] (node:net:1940:16)
    at listenInCluster (node:net:1997:12)
    at node:net:2206:7
    at process.processTicksAndRejections (node:internal/process/task_queues:90:21)
Emitted 'error' event on Server instance at:
    at emitErrorNT (node:net:1976:8)
    at process.processTicksAndRejections (node:internal/process/task_queues:90:21) {
  code: 'EADDRINUSE',
  errno: -4091,
  syscall: 'listen',
  address: '127.0.0.1',
  port: 3001
}

Node.js v22.20.0
[pont WhatsApp] API locale sur http://127.0.0.1:3001
[pont WhatsApp] Connecté à WhatsApp.
node:events:497
      throw er; // Unhandled 'error' event
      ^

Error: listen EADDRINUSE: address already in use 127.0.0.1:3001
    at Server.setupListenHandle [as _listen2] (node:net:1940:16)
    at listenInCluster (node:net:1997:12)
    at node:net:2206:7
    at process.processTicksAndRejections (node:internal/process/task_queues:90:21)
Emitted 'error' event on Server instance at:
    at emitErrorNT (node:net:1976:8)
    at process.processTicksAndRejections (node:internal/process/task_queues:90:21) {
  code: 'EADDRINUSE',
  errno: -4091,
  syscall: 'listen',
  address: '127.0.0.1',
  port: 3001
}

Node.js v22.20.0
node:events:497
      throw er; // Unhandled 'error' event
      ^

Error: listen EADDRINUSE: address already in use 127.0.0.1:3001
    at Server.setupListenHandle [as _listen2] (node:net:1940:16)
    at listenInCluster (node:net:1997:12)
    at node:net:2206:7
    at process.processTicksAndRejections (node:internal/process/task_queues:90:21)
Emitted 'error' event on Server instance at:
    at emitErrorNT (node:net:1976:8)
    at process.processTicksAndRejections (node:internal/process/task_queues:90:21) {
  code: 'EADDRINUSE',
  errno: -4091,
  syscall: 'listen',
  address: '127.0.0.1',
  port: 3001
}

Node.js v22.20.0
node:events:497
      throw er; // Unhandled 'error' event
      ^

Error: listen EADDRINUSE: address already in use 127.0.0.1:3001
    at Server.setupListenHandle [as _listen2] (node:net:1940:16)
    at listenInCluster (node:net:1997:12)
    at node:net:2206:7
    at process.processTicksAndRejections (node:internal/process/task_queues:90:21)
Emitted 'error' event on Server instance at:
    at emitErrorNT (node:net:1976:8)
    at process.processTicksAndRejections (node:internal/process/task_queues:90:21) {
  code: 'EADDRINUSE',
  errno: -4091,
  syscall: 'listen',
  address: '127.0.0.1',
  port: 3001
}

Node.js v22.20.0
node:events:497
      throw er; // Unhandled 'error' event
      ^

Error: listen EADDRINUSE: address already in use 127.0.0.1:3001
    at Server.setupListenHandle [as _listen2] (node:net:1940:16)
    at listenInCluster (node:net:1997:12)
    at node:net:2206:7
    at process.processTicksAndRejections (node:internal/process/task_queues:90:21)
Emitted 'error' event on Server instance at:
    at emitErrorNT (node:net:1976:8)
    at process.processTicksAndRejections (node:internal/process/task_queues:90:21) {
  code: 'EADDRINUSE',
  errno: -4091,
  syscall: 'listen',
  address: '127.0.0.1',
  port: 3001
}

Node.js v22.20.0
[pont WhatsApp] API locale sur http://127.0.0.1:3001
[pont WhatsApp] Connecté à WhatsApp.
node:events:497
      throw er; // Unhandled 'error' event
      ^

Error: listen EADDRINUSE: address already in use 127.0.0.1:3001
    at Server.setupListenHandle [as _listen2] (node:net:1940:16)
    at listenInCluster (node:net:1997:12)
    at node:net:2206:7
    at process.processTicksAndRejections (node:internal/process/task_queues:90:21)
Emitted 'error' event on Server instance at:
    at emitErrorNT (node:net:1976:8)
    at process.processTicksAndRejections (node:internal/process/task_queues:90:21) {
  code: 'EADDRINUSE',
  errno: -4091,
  syscall: 'listen',
  address: '127.0.0.1',
  port: 3001
}

Node.js v22.20.0
node:events:497
      throw er; // Unhandled 'error' event
      ^

Error: listen EADDRINUSE: address already in use 127.0.0.1:3001
    at Server.setupListenHandle [as _listen2] (node:net:1940:16)
    at listenInCluster (node:net:1997:12)
    at node:net:2206:7
    at process.processTicksAndRejections (node:internal/process/task_queues:90:21)
Emitted 'error' event on Server instance at:
    at emitErrorNT (node:net:1976:8)
    at process.processTicksAndRejections (node:internal/process/task_queues:90:21) {
  code: 'EADDRINUSE',
  errno: -4091,
  syscall: 'listen',
  address: '127.0.0.1',
  port: 3001
}

Node.js v22.20.0
node:events:497
      throw er; // Unhandled 'error' event
      ^

Error: listen EADDRINUSE: address already in use 127.0.0.1:3001
    at Server.setupListenHandle [as _listen2] (node:net:1940:16)
    at listenInCluster (node:net:1997:12)
    at node:net:2206:7
    at process.processTicksAndRejections (node:internal/process/task_queues:90:21)
Emitted 'error' event on Server instance at:
    at emitErrorNT (node:net:1976:8)
    at process.processTicksAndRejections (node:internal/process/task_queues:90:21) {
  code: 'EADDRINUSE',
  errno: -4091,
  syscall: 'listen',
  address: '127.0.0.1',
  port: 3001
}

Node.js v22.20.0
